Component: ARM Compiler 5.06 update 4 (build 422) Tool: armlink [4d35d2]

==============================================================================

Section Cross References

    ftm.o(i.FTM2_IRQHandler) refers to ftm.o(.data) for period
    ftm.o(i.FTM_Init) refers to ftm.o(.data) for period
    ftm.o(i.FTM_SetCallback) refers to ftm.o(.data) for FTM_Callback
    ftm.o(i.FTM_SetPeriod) refers to ftm.o(.data) for period
    ftm.o(i.Motor_setspeed) refers to uidiv.o(.text) for __aeabi_uidivmod
    ftm.o(i.PWM8khz_Init) refers to uidiv.o(.text) for __aeabi_uidivmod
    ftm.o(i.PWM8khz_Init_2) refers to uidiv.o(.text) for __aeabi_uidivmod
    ftm.o(i.dianji) refers to uidiv.o(.text) for __aeabi_uidivmod
    main.o(i.Uart_Interrupt) refers to uart.o(i.Uart_SendChar) for Uart_SendChar
    main.o(i.fputc) refers to uart.o(i.Uart_SendChar) for Uart_SendChar
    main.o(i.main) refers to clk.o(i.Clk_Init) for Clk_Init
    main.o(i.main) refers to uart.o(i.UART_Init) for UART_Init
    main.o(i.main) refers to uart.o(i.Uart_SetCallback) for Uart_SetCallback
    main.o(i.main) refers to main.o(i.Uart_Interrupt) for Uart_Interrupt
    uart.o(i.UART2_IRQHandler) refers to uart.o(i.Uart_GetChar) for Uart_GetChar
    uart.o(i.UART2_IRQHandler) refers to uart.o(.data) for Uart_Callback
    uart.o(i.Uart_SetCallback) refers to uart.o(.data) for Uart_Callback
    startup_skeaz1284.o(RESET) refers to startup_skeaz1284.o(STACK) for __initial_sp
    startup_skeaz1284.o(RESET) refers to startup_skeaz1284.o(.text) for Reset_Handler
    startup_skeaz1284.o(RESET) refers to uart.o(i.UART2_IRQHandler) for UART2_IRQHandler
    startup_skeaz1284.o(RESET) refers to ftm.o(i.FTM2_IRQHandler) for FTM2_IRQHandler
    startup_skeaz1284.o(.text) refers to system_skeaz1284.o(i.SystemInit) for SystemInit
    startup_skeaz1284.o(.text) refers to entry.o(.ARM.Collect$$$$00000000) for __main
    system_skeaz1284.o(i.SystemCoreClockUpdate) refers to uidiv.o(.text) for __aeabi_uidivmod
    system_skeaz1284.o(i.SystemCoreClockUpdate) refers to system_skeaz1284.o(.data) for SystemCoreClock
    entry.o(.ARM.Collect$$$$00000000) refers (Special) to entry10a.o(.ARM.Collect$$$$0000000D) for __rt_final_cpp
    entry.o(.ARM.Collect$$$$00000000) refers (Special) to entry11a.o(.ARM.Collect$$$$0000000F) for __rt_final_exit
    entry.o(.ARM.Collect$$$$00000000) refers (Special) to entry7b.o(.ARM.Collect$$$$00000008) for _main_clock
    entry.o(.ARM.Collect$$$$00000000) refers (Special) to entry8b.o(.ARM.Collect$$$$0000000A) for _main_cpp_init
    entry.o(.ARM.Collect$$$$00000000) refers (Special) to entry9a.o(.ARM.Collect$$$$0000000B) for _main_init
    entry.o(.ARM.Collect$$$$00000000) refers (Special) to entry5.o(.ARM.Collect$$$$00000004) for _main_scatterload
    entry.o(.ARM.Collect$$$$00000000) refers (Special) to entry2.o(.ARM.Collect$$$$00000001) for _main_stk
    entry2.o(.ARM.Collect$$$$00000001) refers to entry2.o(.ARM.Collect$$$$00002712) for __lit__00000000
    entry2.o(.ARM.Collect$$$$00002712) refers to startup_skeaz1284.o(STACK) for __initial_sp
    entry2.o(__vectab_stack_and_reset_area) refers to startup_skeaz1284.o(STACK) for __initial_sp
    entry2.o(__vectab_stack_and_reset_area) refers to entry.o(.ARM.Collect$$$$00000000) for __main
    entry5.o(.ARM.Collect$$$$00000004) refers to init.o(.text) for __scatterload
    entry9a.o(.ARM.Collect$$$$0000000B) refers to main.o(i.main) for main
    entry9b.o(.ARM.Collect$$$$0000000C) refers to main.o(i.main) for main
    init.o(.text) refers to entry5.o(.ARM.Collect$$$$00000004) for __main_after_scatterload


==============================================================================

Removing Unused input sections from the image.

    Removing adc.o(.rev16_text), (4 bytes).
    Removing adc.o(.revsh_text), (4 bytes).
    Removing adc.o(i.ADC_Init), (88 bytes).
    Removing adc.o(i.ADC_Read), (36 bytes).
    Removing clk.o(.rev16_text), (4 bytes).
    Removing clk.o(.revsh_text), (4 bytes).
    Removing ftm.o(.rev16_text), (4 bytes).
    Removing ftm.o(.revsh_text), (4 bytes).
    Removing ftm.o(i.FTM_Init), (176 bytes).
    Removing ftm.o(i.FTM_SetCallback), (12 bytes).
    Removing ftm.o(i.FTM_SetPeriod), (48 bytes).
    Removing ftm.o(i.Motor_setspeed), (156 bytes).
    Removing ftm.o(i.PWM8khz_Init), (152 bytes).
    Removing ftm.o(i.PWM8khz_Init_2), (164 bytes).
    Removing ftm.o(i.dianji), (64 bytes).
    Removing main.o(.rev16_text), (4 bytes).
    Removing main.o(.revsh_text), (4 bytes).
    Removing main.o(i.fputc), (16 bytes).
    Removing uart.o(.rev16_text), (4 bytes).
    Removing uart.o(.revsh_text), (4 bytes).
    Removing startup_skeaz1284.o(HEAP), (0 bytes).
    Removing system_skeaz1284.o(.rev16_text), (4 bytes).
    Removing system_skeaz1284.o(.revsh_text), (4 bytes).
    Removing system_skeaz1284.o(i.SystemCoreClockUpdate), (180 bytes).
    Removing system_skeaz1284.o(.data), (4 bytes).

25 unused section(s) (total 1144 bytes) removed from the image.

==============================================================================

Image Symbol Table

    Local Symbols

    Symbol Name                              Value     Ov Type        Size  Object(Section)

    RESET                                    0x00000000   Section      192  startup_skeaz1284.o(RESET)
    ../clib/microlib/division.c              0x00000000   Number         0  uidiv.o ABSOLUTE
    ../clib/microlib/init/entry.s            0x00000000   Number         0  entry9a.o ABSOLUTE
    ../clib/microlib/init/entry.s            0x00000000   Number         0  entry8b.o ABSOLUTE
    ../clib/microlib/init/entry.s            0x00000000   Number         0  entry8a.o ABSOLUTE
    ../clib/microlib/init/entry.s            0x00000000   Number         0  entry7b.o ABSOLUTE
    ../clib/microlib/init/entry.s            0x00000000   Number         0  entry7a.o ABSOLUTE
    ../clib/microlib/init/entry.s            0x00000000   Number         0  entry2.o ABSOLUTE
    ../clib/microlib/init/entry.s            0x00000000   Number         0  entry5.o ABSOLUTE
    ../clib/microlib/init/entry.s            0x00000000   Number         0  entry.o ABSOLUTE
    ../clib/microlib/init/entry.s            0x00000000   Number         0  entry9b.o ABSOLUTE
    ../clib/microlib/init/entry.s            0x00000000   Number         0  entry10a.o ABSOLUTE
    ../clib/microlib/init/entry.s            0x00000000   Number         0  entry10b.o ABSOLUTE
    ../clib/microlib/init/entry.s            0x00000000   Number         0  entry11a.o ABSOLUTE
    ../clib/microlib/init/entry.s            0x00000000   Number         0  entry11b.o ABSOLUTE
    RTE\Device\SKEAZ128xxx4\startup_SKEAZ1284.s 0x00000000   Number         0  startup_skeaz1284.o ABSOLUTE
    RTE\Device\SKEAZ128xxx4\system_SKEAZ1284.c 0x00000000   Number         0  system_skeaz1284.o ABSOLUTE
    RTE\\Device\\SKEAZ128xxx4\\system_SKEAZ1284.c 0x00000000   Number         0  system_skeaz1284.o ABSOLUTE
    Sources\ADC.c                            0x00000000   Number         0  adc.o ABSOLUTE
    Sources\CLK.c                            0x00000000   Number         0  clk.o ABSOLUTE
    Sources\FTM.c                            0x00000000   Number         0  ftm.o ABSOLUTE
    Sources\PWT.c                            0x00000000   Number         0  pwt.o ABSOLUTE
    Sources\UART.c                           0x00000000   Number         0  uart.o ABSOLUTE
    Sources\\ADC.c                           0x00000000   Number         0  adc.o ABSOLUTE
    Sources\\CLK.c                           0x00000000   Number         0  clk.o ABSOLUTE
    Sources\\FTM.c                           0x00000000   Number         0  ftm.o ABSOLUTE
    Sources\\UART.c                          0x00000000   Number         0  uart.o ABSOLUTE
    Sources\\main.c                          0x00000000   Number         0  main.o ABSOLUTE
    Sources\main.c                           0x00000000   Number         0  main.o ABSOLUTE
    dc.s                                     0x00000000   Number         0  dc.o ABSOLUTE
    handlers.s                               0x00000000   Number         0  handlers.o ABSOLUTE
    init.s                                   0x00000000   Number         0  init.o ABSOLUTE
    .ARM.Collect$$$$00000000                 0x000000c0   Section        0  entry.o(.ARM.Collect$$$$00000000)
    .ARM.Collect$$$$00000001                 0x000000c0   Section        4  entry2.o(.ARM.Collect$$$$00000001)
    .ARM.Collect$$$$00000004                 0x000000c4   Section        4  entry5.o(.ARM.Collect$$$$00000004)
    .ARM.Collect$$$$00000008                 0x000000c8   Section        0  entry7b.o(.ARM.Collect$$$$00000008)
    .ARM.Collect$$$$0000000A                 0x000000c8   Section        0  entry8b.o(.ARM.Collect$$$$0000000A)
    .ARM.Collect$$$$0000000B                 0x000000c8   Section        8  entry9a.o(.ARM.Collect$$$$0000000B)
    .ARM.Collect$$$$0000000D                 0x000000d0   Section        0  entry10a.o(.ARM.Collect$$$$0000000D)
    .ARM.Collect$$$$0000000F                 0x000000d0   Section        0  entry11a.o(.ARM.Collect$$$$0000000F)
    .ARM.Collect$$$$00002712                 0x000000d0   Section        4  entry2.o(.ARM.Collect$$$$00002712)
    __lit__00000000                          0x000000d0   Data           4  entry2.o(.ARM.Collect$$$$00002712)
    .text                                    0x000000d4   Section       40  startup_skeaz1284.o(.text)
    .text                                    0x000000fc   Section       36  init.o(.text)
    i.Clk_Init                               0x00000120   Section        0  clk.o(i.Clk_Init)
    i.FTM2_IRQHandler                        0x0000015c   Section        0  ftm.o(i.FTM2_IRQHandler)
    i.SystemInit                             0x00000234   Section        0  system_skeaz1284.o(i.SystemInit)
    i.UART2_IRQHandler                       0x000002a4   Section        0  uart.o(i.UART2_IRQHandler)
    i.UART_Init                              0x000002c0   Section        0  uart.o(i.UART_Init)
    i.Uart_GetChar                           0x0000030c   Section        0  uart.o(i.Uart_GetChar)
    i.Uart_Interrupt                         0x00000328   Section        0  main.o(i.Uart_Interrupt)
    i.Uart_SendChar                          0x00000334   Section        0  uart.o(i.Uart_SendChar)
    i.Uart_SetCallback                       0x00000350   Section        0  uart.o(i.Uart_SetCallback)
    i.__scatterload_copy                     0x0000035c   Section       14  handlers.o(i.__scatterload_copy)
    i.__scatterload_null                     0x0000036a   Section        2  handlers.o(i.__scatterload_null)
    i.__scatterload_zeroinit                 0x0000036c   Section       14  handlers.o(i.__scatterload_zeroinit)
    i.main                                   0x0000037c   Section        0  main.o(i.main)
    .ARM.__at_0x400                          0x00000400   Section       16  startup_skeaz1284.o(.ARM.__at_0x400)
    .data                                    0x1ffff000   Section       12  ftm.o(.data)
    .data                                    0x1ffff00c   Section        4  uart.o(.data)
    STACK                                    0x1ffff010   Section      256  startup_skeaz1284.o(STACK)

    Global Symbols

    Symbol Name                              Value     Ov Type        Size  Object(Section)

    BuildAttributes$$THM_ISAv3M$S$PE$A:L22$X:L11$S22$IEEE1$IW$USESV6$~STKCKD$USESV7$~SHL$OSPACE$EBA8$MICROLIB$REQ8$PRES8$EABIv2 0x00000000   Number         0  anon$$obj.o ABSOLUTE
    __ARM_use_no_argv                        0x00000000   Number         0  main.o ABSOLUTE
    __Vectors                                0x00000000   Data           4  startup_skeaz1284.o(RESET)
    __cpp_initialize__aeabi_                  - Undefined Weak Reference
    __cxa_finalize                            - Undefined Weak Reference
    __decompress                              - Undefined Weak Reference
    _clock_init                               - Undefined Weak Reference
    _microlib_exit                            - Undefined Weak Reference
    __Vectors_End                            0x000000c0   Data           0  startup_skeaz1284.o(RESET)
    __Vectors_Size                           0x000000c0   Number         0  startup_skeaz1284.o ABSOLUTE
    __main                                   0x000000c1   Thumb Code     0  entry.o(.ARM.Collect$$$$00000000)
    _main_stk                                0x000000c1   Thumb Code     0  entry2.o(.ARM.Collect$$$$00000001)
    _main_scatterload                        0x000000c5   Thumb Code     0  entry5.o(.ARM.Collect$$$$00000004)
    __main_after_scatterload                 0x000000c9   Thumb Code     0  entry5.o(.ARM.Collect$$$$00000004)
    _main_clock                              0x000000c9   Thumb Code     0  entry7b.o(.ARM.Collect$$$$00000008)
    _main_cpp_init                           0x000000c9   Thumb Code     0  entry8b.o(.ARM.Collect$$$$0000000A)
    _main_init                               0x000000c9   Thumb Code     0  entry9a.o(.ARM.Collect$$$$0000000B)
    __rt_final_cpp                           0x000000d1   Thumb Code     0  entry10a.o(.ARM.Collect$$$$0000000D)
    __rt_final_exit                          0x000000d1   Thumb Code     0  entry11a.o(.ARM.Collect$$$$0000000F)
    init_data_bss                            0x000000d5   Thumb Code     2  startup_skeaz1284.o(.text)
    Reset_Handler                            0x000000d7   Thumb Code    12  startup_skeaz1284.o(.text)
    NMI_Handler                              0x000000e3   Thumb Code     2  startup_skeaz1284.o(.text)
    HardFault_Handler                        0x000000e5   Thumb Code     2  startup_skeaz1284.o(.text)
    SVC_Handler                              0x000000e7   Thumb Code     2  startup_skeaz1284.o(.text)
    PendSV_Handler                           0x000000e9   Thumb Code     2  startup_skeaz1284.o(.text)
    SysTick_Handler                          0x000000eb   Thumb Code     2  startup_skeaz1284.o(.text)
    ACMP0_IRQHandler                         0x000000ed   Thumb Code     0  startup_skeaz1284.o(.text)
    ACMP1_IRQHandler                         0x000000ed   Thumb Code     0  startup_skeaz1284.o(.text)
    ADC_IRQHandler                           0x000000ed   Thumb Code     0  startup_skeaz1284.o(.text)
    DefaultISR                               0x000000ed   Thumb Code     0  startup_skeaz1284.o(.text)
    FTM0_IRQHandler                          0x000000ed   Thumb Code     0  startup_skeaz1284.o(.text)
    FTM1_IRQHandler                          0x000000ed   Thumb Code     0  startup_skeaz1284.o(.text)
    FTMRE_IRQHandler                         0x000000ed   Thumb Code     0  startup_skeaz1284.o(.text)
    I2C0_IRQHandler                          0x000000ed   Thumb Code     0  startup_skeaz1284.o(.text)
    I2C1_IRQHandler                          0x000000ed   Thumb Code     0  startup_skeaz1284.o(.text)
    ICS_IRQHandler                           0x000000ed   Thumb Code     0  startup_skeaz1284.o(.text)
    IRQ_IRQHandler                           0x000000ed   Thumb Code     0  startup_skeaz1284.o(.text)
    KBI0_IRQHandler                          0x000000ed   Thumb Code     0  startup_skeaz1284.o(.text)
    KBI1_IRQHandler                          0x000000ed   Thumb Code     0  startup_skeaz1284.o(.text)
    MSCAN_RX_IRQHandler                      0x000000ed   Thumb Code     0  startup_skeaz1284.o(.text)
    MSCAN_TX_IRQHandler                      0x000000ed   Thumb Code     0  startup_skeaz1284.o(.text)
    PIT_CH0_IRQHandler                       0x000000ed   Thumb Code     0  startup_skeaz1284.o(.text)
    PIT_CH1_IRQHandler                       0x000000ed   Thumb Code     0  startup_skeaz1284.o(.text)
    PMC_IRQHandler                           0x000000ed   Thumb Code     0  startup_skeaz1284.o(.text)
    PWT_IRQHandler                           0x000000ed   Thumb Code     0  startup_skeaz1284.o(.text)
    RTC_IRQHandler                           0x000000ed   Thumb Code     0  startup_skeaz1284.o(.text)
    Reserved16_IRQHandler                    0x000000ed   Thumb Code     0  startup_skeaz1284.o(.text)
    Reserved17_IRQHandler                    0x000000ed   Thumb Code     0  startup_skeaz1284.o(.text)
    Reserved18_IRQHandler                    0x000000ed   Thumb Code     0  startup_skeaz1284.o(.text)
    Reserved19_IRQHandler                    0x000000ed   Thumb Code     0  startup_skeaz1284.o(.text)
    Reserved20_IRQHandler                    0x000000ed   Thumb Code     0  startup_skeaz1284.o(.text)
    Reserved42_IRQHandler                    0x000000ed   Thumb Code     0  startup_skeaz1284.o(.text)
    SPI0_IRQHandler                          0x000000ed   Thumb Code     0  startup_skeaz1284.o(.text)
    SPI1_IRQHandler                          0x000000ed   Thumb Code     0  startup_skeaz1284.o(.text)
    UART0_IRQHandler                         0x000000ed   Thumb Code     0  startup_skeaz1284.o(.text)
    UART1_IRQHandler                         0x000000ed   Thumb Code     0  startup_skeaz1284.o(.text)
    WDOG_IRQHandler                          0x000000ed   Thumb Code     0  startup_skeaz1284.o(.text)
    __scatterload                            0x000000fd   Thumb Code    28  init.o(.text)
    __scatterload_rt2                        0x000000fd   Thumb Code     0  init.o(.text)
    Clk_Init                                 0x00000121   Thumb Code    56  clk.o(i.Clk_Init)
    FTM2_IRQHandler                          0x0000015d   Thumb Code   204  ftm.o(i.FTM2_IRQHandler)
    SystemInit                               0x00000235   Thumb Code    90  system_skeaz1284.o(i.SystemInit)
    UART2_IRQHandler                         0x000002a5   Thumb Code    20  uart.o(i.UART2_IRQHandler)
    UART_Init                                0x000002c1   Thumb Code    66  uart.o(i.UART_Init)
    Uart_GetChar                             0x0000030d   Thumb Code    24  uart.o(i.Uart_GetChar)
    Uart_Interrupt                           0x00000329   Thumb Code    12  main.o(i.Uart_Interrupt)
    Uart_SendChar                            0x00000335   Thumb Code    24  uart.o(i.Uart_SendChar)
    Uart_SetCallback                         0x00000351   Thumb Code     6  uart.o(i.Uart_SetCallback)
    __scatterload_copy                       0x0000035d   Thumb Code    14  handlers.o(i.__scatterload_copy)
    __scatterload_null                       0x0000036b   Thumb Code     2  handlers.o(i.__scatterload_null)
    __scatterload_zeroinit                   0x0000036d   Thumb Code    14  handlers.o(i.__scatterload_zeroinit)
    main                                     0x0000037d   Thumb Code    42  main.o(i.main)
    Region$$Table$$Base                      0x000003b0   Number         0  anon$$obj.o(Region$$Table)
    Region$$Table$$Limit                     0x000003d0   Number         0  anon$$obj.o(Region$$Table)
    period                                   0x1ffff000   Data           8  ftm.o(.data)
    FTM_Callback                             0x1ffff008   Data           4  ftm.o(.data)
    Uart_Callback                            0x1ffff00c   Data           4  uart.o(.data)
    __initial_sp                             0x1ffff110   Data           0  startup_skeaz1284.o(STACK)



==============================================================================

Memory Map of the image

  Image Entry point : 0x000000c1

  Load Region LR_IROM1 (Base: 0x00000000, Size: 0x00000420, Max: 0x00020000, ABSOLUTE)

    Execution Region ER_IROM1 (Base: 0x00000000, Size: 0x00000410, Max: 0x00020000, ABSOLUTE)

    Base Addr    Size         Type   Attr      Idx    E Section Name        Object

    0x00000000   0x000000c0   Data   RO          246    RESET               startup_skeaz1284.o
    0x000000c0   0x00000000   Code   RO          286  * .ARM.Collect$$$$00000000  mc_p.l(entry.o)
    0x000000c0   0x00000004   Code   RO          291    .ARM.Collect$$$$00000001  mc_p.l(entry2.o)
    0x000000c4   0x00000004   Code   RO          294    .ARM.Collect$$$$00000004  mc_p.l(entry5.o)
    0x000000c8   0x00000000   Code   RO          296    .ARM.Collect$$$$00000008  mc_p.l(entry7b.o)
    0x000000c8   0x00000000   Code   RO          298    .ARM.Collect$$$$0000000A  mc_p.l(entry8b.o)
    0x000000c8   0x00000008   Code   RO          299    .ARM.Collect$$$$0000000B  mc_p.l(entry9a.o)
    0x000000d0   0x00000000   Code   RO          301    .ARM.Collect$$$$0000000D  mc_p.l(entry10a.o)
    0x000000d0   0x00000000   Code   RO          303    .ARM.Collect$$$$0000000F  mc_p.l(entry11a.o)
    0x000000d0   0x00000004   Code   RO          292    .ARM.Collect$$$$00002712  mc_p.l(entry2.o)
    0x000000d4   0x00000028   Code   RO          248    .text               startup_skeaz1284.o
    0x000000fc   0x00000024   Code   RO          305    .text               mc_p.l(init.o)
    0x00000120   0x0000003c   Code   RO           60    i.Clk_Init          clk.o
    0x0000015c   0x000000d8   Code   RO           83    i.FTM2_IRQHandler   ftm.o
    0x00000234   0x00000070   Code   RO          257    i.SystemInit        system_skeaz1284.o
    0x000002a4   0x0000001c   Code   RO          196    i.UART2_IRQHandler  uart.o
    0x000002c0   0x0000004c   Code   RO          197    i.UART_Init         uart.o
    0x0000030c   0x0000001c   Code   RO          198    i.Uart_GetChar      uart.o
    0x00000328   0x0000000c   Code   RO          151    i.Uart_Interrupt    main.o
    0x00000334   0x0000001c   Code   RO          199    i.Uart_SendChar     uart.o
    0x00000350   0x0000000c   Code   RO          200    i.Uart_SetCallback  uart.o
    0x0000035c   0x0000000e   Code   RO          309    i.__scatterload_copy  mc_p.l(handlers.o)
    0x0000036a   0x00000002   Code   RO          310    i.__scatterload_null  mc_p.l(handlers.o)
    0x0000036c   0x0000000e   Code   RO          311    i.__scatterload_zeroinit  mc_p.l(handlers.o)
    0x0000037a   0x00000002   PAD
    0x0000037c   0x00000034   Code   RO          153    i.main              main.o
    0x000003b0   0x00000020   Data   RO          307    Region$$Table       anon$$obj.o
    0x000003d0   0x00000030   PAD
    0x00000400   0x00000010   Code   RO          247    .ARM.__at_0x400     startup_skeaz1284.o


    Execution Region RW_IRAM1 (Base: 0x1ffff000, Size: 0x00000110, Max: 0x00004000, ABSOLUTE)

    Base Addr    Size         Type   Attr      Idx    E Section Name        Object

    0x1ffff000   0x0000000c   Data   RW           91    .data               ftm.o
    0x1ffff00c   0x00000004   Data   RW          201    .data               uart.o
    0x1ffff010   0x00000100   Zero   RW          244    STACK               startup_skeaz1284.o


==============================================================================

Image component sizes


      Code (inc. data)   RO Data    RW Data    ZI Data      Debug   Object Name

         0          0          0          0          0     108132   adc.o
        60          4          0          0          0        395   clk.o
       216         12          0         12          0       1004   ftm.o
        64         10          0          0          0       7780   main.o
        56         30        192          0        256        888   startup_skeaz1284.o
       112         22          0          0          0        485   system_skeaz1284.o
       172         32          0          4          0       2313   uart.o

    ----------------------------------------------------------------------
       680        110        272         16        256     120997   Object Totals
         0          0         32          0          0          0   (incl. Generated)
         0          0         48          0          0          0   (incl. Padding)

    ----------------------------------------------------------------------

      Code (inc. data)   RO Data    RW Data    ZI Data      Debug   Library Member Name

         0          0          0          0          0          0   entry.o
         0          0          0          0          0          0   entry10a.o
         0          0          0          0          0          0   entry11a.o
         8          4          0          0          0          0   entry2.o
         4          0          0          0          0          0   entry5.o
         0          0          0          0          0          0   entry7b.o
         0          0          0          0          0          0   entry8b.o
         8          4          0          0          0          0   entry9a.o
        30          0          0          0          0          0   handlers.o
        36          8          0          0          0         68   init.o

    ----------------------------------------------------------------------
        88         16          0          0          0         68   Library Totals
         2          0          0          0          0          0   (incl. Padding)

    ----------------------------------------------------------------------

      Code (inc. data)   RO Data    RW Data    ZI Data      Debug   Library Name

        86         16          0          0          0         68   mc_p.l

    ----------------------------------------------------------------------
        88         16          0          0          0         68   Library Totals

    ----------------------------------------------------------------------

==============================================================================


      Code (inc. data)   RO Data    RW Data    ZI Data      Debug   

       768        126        272         16        256     120909   Grand Totals
       768        126        272         16        256     120909   ELF Image Totals
       768        126        272         16          0          0   ROM Totals

==============================================================================

    Total RO  Size (Code + RO Data)                 1040 (   1.02kB)
    Total RW  Size (RW Data + ZI Data)               272 (   0.27kB)
    Total ROM Size (Code + RO Data + RW Data)       1056 (   1.03kB)

==============================================================================

